 Name               Cou…  Du… 
 Chocolate Digest…  UK    Yes 
 Tim Tams           Aus…  No  
 Hobnobs            UK    Yes 
                              
                              
                              
                              
                              
                              
                              
                              
                              
                              
                              